---
source: crates/fittle-cli/tests/corpus.rs
expression: json
---
{
  "derived": {
    "fov_arcmin": {
      "source": {
        "from": [
          "pixel scale",
          "image size"
        ],
        "kind": "derived"
      },
      "value": [
        2.6,
        1.9
      ]
    },
    "moon": {
      "source": {
        "from": [
          "DATE-OBS"
        ],
        "kind": "derived"
      },
      "value": {
        "illumination": 0.97,
        "waxing": true
      }
    },
    "pixel_scale": {
      "source": {
        "from": [
          "pixel size",
          "focal length"
        ],
        "kind": "derived"
      },
      "value": 2.393
    },
    "plate_solved": false,
    "sampling": {
      "source": {
        "from": [
          "pixel scale"
        ],
        "kind": "derived"
      },
      "value": "under"
    }
  },
  "fields": {
    "aperture_mm": {
      "source": {
        "kind": "model_default",
        "model": "ZWO Seestar S50"
      },
      "value": 50.0
    },
    "camera": {
      "source": {
        "key": "INSTRUME",
        "kind": "keyword"
      },
      "value": "Seestar S50"
    },
    "date_obs": {
      "source": {
        "key": "DATE-OBS",
        "kind": "keyword"
      },
      "value": "2026-09-25T04:34:12"
    },
    "exposure_s": {
      "source": {
        "key": "EXPTIME",
        "kind": "keyword"
      },
      "value": 20.0
    },
    "filter": {
      "source": {
        "key": "FILTER",
        "kind": "keyword"
      },
      "value": "LP"
    },
    "focal_mm": {
      "source": {
        "kind": "model_default",
        "model": "ZWO Seestar S50"
      },
      "value": 250.0
    },
    "focal_ratio": {
      "source": {
        "from": [
          "focal length",
          "aperture"
        ],
        "kind": "derived"
      },
      "value": 5.0
    },
    "frame_type": {
      "source": {
        "kind": "filename"
      },
      "value": "r_pp"
    },
    "object": {
      "source": {
        "key": "OBJECT",
        "kind": "keyword"
      },
      "value": "NGC 6995"
    },
    "pixel_um": {
      "source": {
        "kind": "model_default",
        "model": "ZWO Seestar S50"
      },
      "value": 2.9
    },
    "row_order": {
      "source": {
        "kind": "model_default",
        "model": "ZWO Seestar S50"
      },
      "value": "TOP-DOWN"
    },
    "sensor": {
      "source": {
        "kind": "model_default",
        "model": "ZWO Seestar S50"
      },
      "value": "IMX462"
    },
    "serials": [
      {
        "key": "TELESCOP",
        "value": "Seestar S50"
      }
    ],
    "stack_count": {
      "source": {
        "key": "STACKCNT",
        "kind": "keyword"
      },
      "value": 212
    },
    "telescope": {
      "source": {
        "kind": "model_default",
        "model": "ZWO Seestar S50"
      },
      "value": "ZWO Seestar S50"
    },
    "total_integration_s": {
      "source": {
        "key": "LIVETIME",
        "kind": "keyword"
      },
      "value": 4240.0
    }
  },
  "file_name": {
    "prefix": "r_pp"
  },
  "health": [],
  "image": {
    "bitpix": -32,
    "compressed": false,
    "hdu": 0,
    "height": 48,
    "planes": 1,
    "width": 64
  },
  "notes": [],
  "origin": {
    "scope": {
      "evidence": [
        "INSTRUME=Seestar S50",
        "TELESCOP=Seestar S50"
      ],
      "id": "zwo-seestar-s50",
      "name": "ZWO Seestar S50",
      "verified": true
    },
    "software": [
      {
        "evidence": [
          "INSTRUME=Seestar S50"
        ],
        "id": "seestar-app",
        "name": "ZWO Seestar",
        "role": "capture",
        "verified": true
      },
      {
        "evidence": [
          "PROGRAM=Siril v1.4.0",
          "HISTORY 'siril stack: 212 images, normalisation: additive…'"
        ],
        "id": "siril",
        "name": "Siril",
        "role": "processing",
        "verified": true
      }
    ]
  },
  "path": "siril/r_pp_NGC6995_stacked.fit",
  "schema": "fittle.info/1",
  "target": {
    "aliases": [
      "NGC 6995",
      "Eastern Veil",
      "Network Nebula"
    ],
    "common_name": "Eastern Veil",
    "constellation": "Cygnus",
    "dec": 31.2352,
    "id": "NGC 6995",
    "kind": "Supernova remnant",
    "ra": 314.2948,
    "size_arcmin": 12.0
  },
  "verdict": {
    "confidence": 73,
    "evidence": [
      {
        "supports": "integrated",
        "text": "STACKCNT=212",
        "weight": 50
      },
      {
        "supports": "integrated",
        "text": "HISTORY 'Stacking: Average stacking with Winsorized sigma…'",
        "weight": 30
      },
      {
        "supports": "integrated",
        "text": "LIVETIME=4240 > exposure 20",
        "weight": 25
      },
      {
        "supports": "light",
        "text": "has a target (OBJECT / RA / DEC)",
        "weight": 20
      },
      {
        "supports": "integrated",
        "text": "BITPIX=-32 (float)",
        "weight": 10
      }
    ],
    "frame": "light",
    "integrated": true,
    "label": "Stacked light, processed",
    "processed": true,
    "processing": [
      {
        "evidence": "Background extraction (Correction: Subtraction)",
        "name": "background extraction"
      },
      {
        "evidence": "Stacking: Average stacking with Winsorized sigma…",
        "name": "stacking"
      },
      {
        "evidence": "Registration: global star alignment",
        "name": "registration"
      }
    ]
  }
}
