---
source: crates/fittle-cli/tests/corpus.rs
expression: json
---
{
  "derived": {
    "fov_arcmin": {
      "source": {
        "from": [
          "pixel scale",
          "image size"
        ],
        "kind": "derived"
      },
      "value": [
        3.3,
        2.5
      ]
    },
    "moon": {
      "source": {
        "from": [
          "DATE-OBS"
        ],
        "kind": "derived"
      },
      "value": {
        "illumination": 0.76,
        "separation": 30.0,
        "waxing": false
      }
    },
    "pixel_scale": {
      "source": {
        "from": [
          "pixel size",
          "focal length"
        ],
        "kind": "derived"
      },
      "value": 3.102
    },
    "plate_solved": false,
    "sampling": {
      "source": {
        "from": [
          "pixel scale"
        ],
        "kind": "derived"
      },
      "value": "under"
    }
  },
  "fields": {
    "bayer": {
      "source": {
        "key": "BAYERPAT",
        "kind": "keyword"
      },
      "value": "RGGB"
    },
    "binning": {
      "source": {
        "key": "XBINNING",
        "kind": "keyword"
      },
      "value": 1
    },
    "camera": {
      "source": {
        "key": "INSTRUME",
        "kind": "keyword"
      },
      "value": "ZWO ASI2600MC Pro"
    },
    "date_obs": {
      "source": {
        "key": "DATE-OBS",
        "kind": "keyword"
      },
      "value": "2026-09-01T22:15:00.000"
    },
    "dec": {
      "source": {
        "key": "OBJCTDEC",
        "kind": "keyword"
      },
      "value": 41.26916666666666
    },
    "exposure_s": {
      "source": {
        "key": "EXPTIME",
        "kind": "keyword"
      },
      "value": 300.0
    },
    "filter": {
      "source": {
        "key": "FILTER",
        "kind": "keyword"
      },
      "value": "L-eXtreme"
    },
    "focal_mm": {
      "source": {
        "key": "FOCALLEN",
        "kind": "keyword"
      },
      "value": 250.0
    },
    "frame_type": {
      "source": {
        "key": "IMAGETYP",
        "kind": "keyword"
      },
      "value": "Light"
    },
    "gain": {
      "source": {
        "key": "GAIN",
        "kind": "keyword"
      },
      "value": 100.0
    },
    "mount": {
      "source": {
        "key": "TELESCOP",
        "kind": "keyword"
      },
      "value": "RedCat 51"
    },
    "object": {
      "source": {
        "key": "OBJECT",
        "kind": "keyword"
      },
      "value": "M 31"
    },
    "offset": {
      "source": {
        "key": "OFFSET",
        "kind": "keyword"
      },
      "value": 50.0
    },
    "pixel_um": {
      "source": {
        "key": "XPIXSZ",
        "kind": "keyword"
      },
      "value": 3.76
    },
    "ra": {
      "source": {
        "key": "OBJCTRA",
        "kind": "keyword"
      },
      "value": 10.684583333333332
    },
    "sensor_temp_c": {
      "source": {
        "key": "CCD-TEMP",
        "kind": "keyword"
      },
      "value": -10.1
    },
    "set_temp_c": {
      "source": {
        "key": "SET-TEMP",
        "kind": "keyword"
      },
      "value": -10.0
    }
  },
  "file_name": {
    "binning": 1,
    "exposure_s": 300.0,
    "gain": 100,
    "prefix": "light",
    "temp_c": -10.0
  },
  "health": [],
  "image": {
    "bitpix": 16,
    "compressed": false,
    "hdu": 0,
    "height": 48,
    "planes": 1,
    "width": 64
  },
  "notes": [
    {
      "level": "info",
      "message": "TELESCOP='RedCat 51': this app writes the mount driver name in TELESCOP, not the telescope"
    }
  ],
  "origin": {
    "software": [
      {
        "evidence": [
          "SWCREATE=ASIAIR"
        ],
        "id": "asiair",
        "name": "ZWO ASIAIR",
        "role": "capture",
        "verified": true
      }
    ]
  },
  "path": "asiair/Light_M 31_300.0s_Bin1_2600MC_gain100_20260901-221500_-10.0C_0001.fit",
  "schema": "fittle.info/1",
  "target": {
    "aliases": [
      "M 31",
      "NGC 224",
      "PGC 2557",
      "UGC 454",
      "Andromeda Galaxy"
    ],
    "common_name": "Andromeda Galaxy",
    "constellation": "Andromeda",
    "dec": 41.2691,
    "id": "M 31",
    "kind": "Galaxy",
    "ra": 10.6848,
    "size_arcmin": 177.83
  },
  "verdict": {
    "confidence": 95,
    "evidence": [
      {
        "supports": "light",
        "text": "IMAGETYP=Light",
        "weight": 60
      },
      {
        "supports": "light",
        "text": "file name starts 'light'",
        "weight": 25
      },
      {
        "supports": "single",
        "text": "no STACKCNT / NCOMBINE",
        "weight": 25
      },
      {
        "supports": "single",
        "text": "BITPIX=16",
        "weight": 20
      },
      {
        "supports": "single",
        "text": "BAYERPAT=RGGB on a single-plane (raw CFA) image",
        "weight": 15
      }
    ],
    "frame": "light",
    "integrated": false,
    "label": "Light sub",
    "processed": false
  }
}
